node.exe : ΓÜá Warning: Next.js inferred your workspace root, but it may not 
be correct.
At line:1 char:1
+ & "C:\Program Files\nodejs/node.exe" "C:\Users\rasku\AppData\Roaming\ ...
+ ~~~~~~~~~~~~~~~~~~~~~~~~~~~~~~~~~~~~~~~~~~~~~~~~~~~~~~~~~~~~~~~~~~~~~
    + CategoryInfo          : NotSpecified: (ΓÜá Warning: Ne...not be correct. 
   :String) [], RemoteException
    + FullyQualifiedErrorId : NativeCommandError
 
 We detected multiple lockfiles and selected the directory of 
C:\Users\rasku\package-lock.json as the root directory.
 To silence this warning, set `turbopack.root` in your Next.js config, or 
consider removing one of the lockfiles if it's not needed.
   See https://nextjs.org/docs/app/api-reference/config/next-config-js/turbopac
k#root-directory for more information.
 Detected additional lockfiles: 
   * C:\Users\rasku\Desktop\Acad-Nexus\package-lock.json

Γû▓ Next.js 16.1.6 (Turbopack)
- Environments: .env.local

  Creating an optimized production build ...
Γ£ô Compiled successfully in 86s
  Running TypeScript ...
  Collecting page data using 11 workers ...
  Generating static pages using 11 workers (0/40) ...
  Generating static pages using 11 workers (10/40) 
  Generating static pages using 11 workers (20/40) 
  Generating static pages using 11 workers (30/40) 
Γ£ô Generating static pages using 11 workers (40/40) in 7.2s
  Finalizing page optimization ...

Route (app)
Γöî Γùï /
Γö£ Γùï /_not-found
Γö£ Γùï /admin
Γö£ Γùï /admin/assign-guide
Γö£ Γùï /admin/deadlines
Γö£ Γùï /admin/projects
Γö£ Γùï /admin/students
Γö£ Γùï /admin/teachers
Γö£ ╞Æ /api/activity
Γö£ ╞Æ /api/auth/[...nextauth]
Γö£ ╞Æ /api/export
Γö£ ╞Æ /api/files
Γö£ ╞Æ /api/files/[id]
Γö£ ╞Æ /api/notifications
Γö£ ╞Æ /api/notifications/[id]
Γö£ ╞Æ /api/proposals
Γö£ ╞Æ /api/proposals/[id]
Γö£ ╞Æ /api/proposals/[id]/milestones
Γö£ ╞Æ /api/proposals/[id]/milestones/[milestoneId]
Γö£ ╞Æ /api/proposals/[id]/remarks
Γö£ ╞Æ /api/seed
Γö£ ╞Æ /api/teams/init
Γö£ ╞Æ /api/teams/join
Γö£ ╞Æ /api/teams/leave
Γö£ ╞Æ /api/teams/lock
Γö£ ╞Æ /api/teams/my
Γö£ ╞Æ /api/test-db
Γö£ ╞Æ /api/uploadthing
Γö£ ╞Æ /api/users
Γö£ ╞Æ /api/users/[id]
Γö£ ╞Æ /api/users/search
Γö£ Γùï /guide
Γö£ Γùï /guide/announcements
Γö£ Γùï /guide/assigned-students
Γö£ Γùï /guide/milestones
Γö£ Γùï /guide/notifications
Γö£ Γùï /guide/pending-requests
Γö£ Γùï /guide/student-files
Γö£ Γùï /login
Γö£ Γùï /student
Γö£ Γùï /student/feedback
Γö£ Γùï /student/milestones
Γö£ Γùï /student/notifications
Γö£ Γùï /student/submit-proposal
Γö£ Γùï /student/supervisor
Γöö Γùï /student/upload-files


Γùï  (Static)   prerendered as static content
╞Æ  (Dynamic)  server-rendered on demand

